[frenify.net/envato/frenify/html/makeup/1/index.html]
[backblue.gif]
[fade.gif]
[index.html]
[frenify.net/envato/frenify/html/makeup/1/css/fontello.css]
[frenify.net/envato/frenify/html/makeup/1/css/skeleton.css]
[frenify.net/envato/frenify/html/makeup/1/css/base.css]
[frenify.net/envato/frenify/html/makeup/1/css/fotorama.css]
[frenify.net/envato/frenify/html/makeup/1/css/owl.carousel.css]
[frenify.net/envato/frenify/html/makeup/1/css/animate.css]
[frenify.net/envato/frenify/html/makeup/1/css/magnific-popup.css]
[frenify.net/envato/frenify/html/makeup/1/css/datepicker.css]
[frenify.net/envato/frenify/html/makeup/1/css/timepicker.css]
[frenify.net/envato/frenify/html/makeup/1/css/style.css]
[frenify.net/envato/frenify/html/makeup/1/img/logo.png]
[frenify.net/envato/frenify/html/makeup/1/index-2.html]
[frenify.net/envato/frenify/html/makeup/1/about.html]
[frenify.net/envato/frenify/html/makeup/1/services.html]
[frenify.net/envato/frenify/html/makeup/1/gallery.html]
[frenify.net/envato/frenify/html/makeup/1/blog.html]
[frenify.net/envato/frenify/html/makeup/1/contact.html]
[frenify.net/envato/frenify/html/makeup/1/modal/address.html]
[frenify.net/envato/frenify/html/makeup/1/modal/booking.html]
[frenify.net/envato/frenify/html/makeup/1/modal/opening.html]
[frenify.net/envato/frenify/html/makeup/1/img/fotorama/full1.jpg]
[frenify.net/envato/frenify/html/makeup/1/img/fotorama/thumb1.jpg]
[frenify.net/envato/frenify/html/makeup/1/img/fotorama/full2.jpg]
[frenify.net/envato/frenify/html/makeup/1/img/fotorama/thumb2.jpg]
[frenify.net/envato/frenify/html/makeup/1/img/fotorama/full3.jpg]
[frenify.net/envato/frenify/html/makeup/1/img/fotorama/thumb3.jpg]
[frenify.net/envato/frenify/html/makeup/1/img/fotorama/full4.jpg]
[frenify.net/envato/frenify/html/makeup/1/img/fotorama/thumb4.jpg]
[frenify.net/envato/frenify/html/makeup/1/img/fotorama/full5.jpg]
[frenify.net/envato/frenify/html/makeup/1/img/fotorama/thumb5.jpg]
[frenify.net/envato/frenify/html/makeup/1/img/package1.jpg]
[frenify.net/envato/frenify/html/makeup/1/img/package2.jpg]
[frenify.net/envato/frenify/html/makeup/1/js/jquery.js]
[frenify.net/envato/frenify/html/makeup/1/js/carousel.js]
[frenify.net/envato/frenify/html/makeup/1/js/plugins.js]
[frenify.net/envato/frenify/html/makeup/1/index.html]
[frenify.net/envato/frenify/html/makeup/1/js/init.js]
[frenify.net/envato/frenify/html/makeup/1/css/font/fontello4c9a.eot]
[frenify.net/envato/frenify/html/makeup/1/css/font/fontello4c9a.woff]
[frenify.net/envato/frenify/html/makeup/1/css/font/fontello4c9a.ttf]
[frenify.net/envato/frenify/html/makeup/1/css/fontello.css]
[frenify.net/envato/frenify/html/makeup/1/css/skeleton.css]
[frenify.net/envato/frenify/html/makeup/1/css/base.css]
[frenify.net/envato/frenify/html/makeup/1/css/font/fontello4c9a.svg]
[frenify.net/envato/frenify/html/makeup/1/css/fotorama.png]
[frenify.net/envato/frenify/html/makeup/1/css/fotorama@2x.png]
[frenify.net/envato/frenify/html/makeup/1/css/fotorama.css]
[frenify.net/envato/frenify/html/makeup/1/css/owl.video.play.png]
[frenify.net/envato/frenify/html/makeup/1/css/owl.carousel.css]
[frenify.net/envato/frenify/html/makeup/1/css/animate.css]
[frenify.net/envato/frenify/html/makeup/1/css/magnific-popup.css]
[frenify.net/envato/frenify/html/makeup/1/css/datepicker.css]
[frenify.net/envato/frenify/html/makeup/1/css/timepicker.css]
[frenify.net/envato/frenify/html/makeup/1/img/bg_img.jpg]
[frenify.net/envato/frenify/html/makeup/1/css/style.css]
[frenify.net/envato/frenify/html/makeup/1/index-2.html]
[frenify.net/envato/frenify/html/makeup/1/img/about/about_img.jpg]
[frenify.net/envato/frenify/html/makeup/1/img/about/1.jpg]
[frenify.net/envato/frenify/html/makeup/1/img/about/2.jpg]
[frenify.net/envato/frenify/html/makeup/1/img/about/3.jpg]
[frenify.net/envato/frenify/html/makeup/1/img/about/4.jpg]
[frenify.net/envato/frenify/html/makeup/1/about.html]
[frenify.net/envato/frenify/html/makeup/1/img/services/1.jpg]
[frenify.net/envato/frenify/html/makeup/1/service_single.html]
[frenify.net/envato/frenify/html/makeup/1/img/services/2.jpg]
[frenify.net/envato/frenify/html/makeup/1/img/services/3.jpg]
[frenify.net/envato/frenify/html/makeup/1/img/services/4.jpg]
[frenify.net/envato/frenify/html/makeup/1/img/services/5.jpg]
[frenify.net/envato/frenify/html/makeup/1/img/services/6.jpg]
[frenify.net/envato/frenify/html/makeup/1/services.html]
[frenify.net/envato/frenify/html/makeup/1/img/gallery/full1.jpg]
[frenify.net/envato/frenify/html/makeup/1/img/gallery/thumb1.jpg]
[frenify.net/envato/frenify/html/makeup/1/img/gallery/full2.jpg]
[frenify.net/envato/frenify/html/makeup/1/img/gallery/thumb2.jpg]
[frenify.net/envato/frenify/html/makeup/1/img/gallery/full3.jpg]
[frenify.net/envato/frenify/html/makeup/1/img/gallery/thumb3.jpg]
[frenify.net/envato/frenify/html/makeup/1/img/gallery/full4.jpg]
[frenify.net/envato/frenify/html/makeup/1/img/gallery/thumb4.jpg]
[frenify.net/envato/frenify/html/makeup/1/img/gallery/full5.jpg]
[frenify.net/envato/frenify/html/makeup/1/img/gallery/thumb5.jpg]
[frenify.net/envato/frenify/html/makeup/1/img/gallery/full6.jpg]
[frenify.net/envato/frenify/html/makeup/1/img/gallery/thumb6.jpg]
[frenify.net/envato/frenify/html/makeup/1/img/gallery/full7.jpg]
[frenify.net/envato/frenify/html/makeup/1/img/gallery/thumb7.jpg]
[frenify.net/envato/frenify/html/makeup/1/img/gallery/full8.jpg]
[frenify.net/envato/frenify/html/makeup/1/img/gallery/thumb8.jpg]
[frenify.net/envato/frenify/html/makeup/1/img/gallery/full9.jpg]
[frenify.net/envato/frenify/html/makeup/1/img/gallery/thumb9.jpg]
[frenify.net/envato/frenify/html/makeup/1/img/gallery/full10.jpg]
[frenify.net/envato/frenify/html/makeup/1/img/gallery/thumb10.jpg]
[frenify.net/envato/frenify/html/makeup/1/gallery.html]
[frenify.net/envato/frenify/html/makeup/1/img/blog/1.jpg]
[frenify.net/envato/frenify/html/makeup/1/blog_single.html]
[frenify.net/envato/frenify/html/makeup/1/img/blog/2.jpg]
[frenify.net/envato/frenify/html/makeup/1/blog.html]
[frenify.net/envato/frenify/html/makeup/1/contact.html]
[frenify.net/envato/frenify/html/makeup/1/modal/address.html]
[frenify.net/envato/frenify/html/makeup/1/modal/booking.html]
[frenify.net/envato/frenify/html/makeup/1/modal/opening.html]
[frenify.net/envato/frenify/html/makeup/1/js/jquery.js]
[frenify.net/envato/frenify/html/makeup/1/js/carousel.js]
[frenify.net/envato/frenify/html/makeup/1/js/plugins.js]
[frenify.net/envato/frenify/html/makeup/1/modal/contactsend.html]
[frenify.net/envato/frenify/html/makeup/1/modal/bookingsend.html]
[frenify.net/envato/frenify/html/makeup/1/js/init.js]
[frenify.net/envato/frenify/html/makeup/1/css/font/fontello4c9a.svg]
[frenify.net/envato/frenify/html/makeup/1/css/fotorama.html]
[frenify.net/envato/frenify/html/makeup/1/css/fotorama@2x.html]
[frenify.net/envato/frenify/html/makeup/1/css/owl.video.play.html]
[frenify.net/envato/frenify/html/makeup/1/img/services/single.jpg]
[frenify.net/envato/frenify/html/makeup/1/service_single.html]
[frenify.net/envato/frenify/html/makeup/1/img/blog/single.jpg]
[frenify.net/envato/frenify/html/makeup/1/blog_single.html]
[frenify.net/envato/frenify/html/makeup/1/modal/contactsend.html]
[frenify.net/envato/frenify/html/makeup/1/modal/bookingsend.html]
